
> portfolio@0.1.0 build
> next build

Ôû▓ Next.js 16.2.6 (Turbopack)

  Creating an optimized production build ...
node.exe : 
Au caractère Ligne:1 : 1
+ & "C:\Program Files\nodejs/node.exe" "C:\Program 
Files\nodejs/node_mo ...
+ ~~~~~~~~~~~~~~~~~~~~~~~~~~~~~~~~~~~~~~~~~~~~~~~~~~~~~
~~~~~~~~~~~~~~~~
    + CategoryInfo          : NotSpecified: (:Strin    
g) [], RemoteException
    + FullyQualifiedErrorId : NativeCommandError
 
> Build error occurred
Error: Turbopack build failed with 6 errors:
./src/components/sections/Contact.tsx:5:1
Export Github doesn't exist in target module
  [90m3 |[0m [36mimport[0m { motion } 
[36mfrom[0m [32m"framer-motion"[0m;
  [90m4 |[0m [36mimport[0m { useForm } 
[36mfrom[0m [32m"react-hook-form"[0m;
[31m[1m>[0m [90m5 |[0m [36mimport[0m { 
[33mSend[0m, [33mGithub[0m, [33mLinkedin[0m, 
[33mMessageCircle[0m, [33mMail[0m, [33mMapPin[0m 
} [36mfrom[0m [32m"lucide-react"[0m;
  [90m  |[0m [31m[1m^^^^^^^^^^^^^^^^^^^^^^^^^^^^^^^
^^^^^^^^^^^^^^^^^^^^^^^^^^^^^^^^^^^^^^^^^^^^^^^^^^^^[0
m
  [90m6 |[0m
  [90m7 |[0m [36mtype[0m [33mFormData[0m = {
  [90m8 |[0m   name: string;

The export Github was not found in module [project]/nod
e_modules/lucide-react/dist/esm/lucide-react.mjs 
[app-client] (ecmascript).
Did you mean to import Gift?
All exports of the module are statically known (It 
doesn't have dynamic exports). So it's known 
statically that the requested export doesn't exist.

Import trace:
  Server Component:
    ./src/components/sections/Contact.tsx
    ./src/app/page.tsx


./src/components/sections/Contact.tsx:5:1
Export Github doesn't exist in target module
  [90m3 |[0m [36mimport[0m { motion } 
[36mfrom[0m [32m"framer-motion"[0m;
  [90m4 |[0m [36mimport[0m { useForm } 
[36mfrom[0m [32m"react-hook-form"[0m;
[31m[1m>[0m [90m5 |[0m [36mimport[0m { 
[33mSend[0m, [33mGithub[0m, [33mLinkedin[0m, 
[33mMessageCircle[0m, [33mMail[0m, [33mMapPin[0m 
} [36mfrom[0m [32m"lucide-react"[0m;
  [90m  |[0m [31m[1m^^^^^^^^^^^^^^^^^^^^^^^^^^^^^^^
^^^^^^^^^^^^^^^^^^^^^^^^^^^^^^^^^^^^^^^^^^^^^^^^^^^^[0
m
  [90m6 |[0m
  [90m7 |[0m [36mtype[0m [33mFormData[0m = {
  [90m8 |[0m   name: string;

The export Github was not found in module [project]/nod
e_modules/lucide-react/dist/esm/lucide-react.mjs 
[app-ssr] (ecmascript).
Did you mean to import Gift?
All exports of the module are statically known (It 
doesn't have dynamic exports). So it's known 
statically that the requested export doesn't exist.

Import trace:
  Server Component:
    ./src/components/sections/Contact.tsx
    ./src/app/page.tsx


./src/components/sections/Projects.tsx:4:1
Export Github doesn't exist in target module
  [90m2 |[0m
  [90m3 |[0m [36mimport[0m { motion } 
[36mfrom[0m [32m"framer-motion"[0m;
[31m[1m>[0m [90m4 |[0m [36mimport[0m { 
[33mGithub[0m, [33mExternalLink[0m } [36mfrom[0m 
[32m"lucide-react"[0m;
  [90m  |[0m [31m[1m^^^^^^^^^^^^^^^^^^^^^^^^^^^^^^^
^^^^^^^^^^^^^^^^^^^^^[0m
  [90m5 |[0m
  [90m6 |[0m [36mexport[0m [36mdefault[0m 
[36mfunction[0m [33mProjects[0m() {
  [90m7 |[0m   [36mconst[0m projects = [

The export Github was not found in module [project]/nod
e_modules/lucide-react/dist/esm/lucide-react.mjs 
[app-client] (ecmascript).
Did you mean to import Gift?
All exports of the module are statically known (It 
doesn't have dynamic exports). So it's known 
statically that the requested export doesn't exist.

Import trace:
  Server Component:
    ./src/components/sections/Projects.tsx
    ./src/app/page.tsx


./src/components/sections/Projects.tsx:4:1
Export Github doesn't exist in target module
  [90m2 |[0m
  [90m3 |[0m [36mimport[0m { motion } 
[36mfrom[0m [32m"framer-motion"[0m;
[31m[1m>[0m [90m4 |[0m [36mimport[0m { 
[33mGithub[0m, [33mExternalLink[0m } [36mfrom[0m 
[32m"lucide-react"[0m;
  [90m  |[0m [31m[1m^^^^^^^^^^^^^^^^^^^^^^^^^^^^^^^
^^^^^^^^^^^^^^^^^^^^^[0m
  [90m5 |[0m
  [90m6 |[0m [36mexport[0m [36mdefault[0m 
[36mfunction[0m [33mProjects[0m() {
  [90m7 |[0m   [36mconst[0m projects = [

The export Github was not found in module [project]/nod
e_modules/lucide-react/dist/esm/lucide-react.mjs 
[app-ssr] (ecmascript).
Did you mean to import Gift?
All exports of the module are statically known (It 
doesn't have dynamic exports). So it's known 
statically that the requested export doesn't exist.

Import trace:
  Server Component:
    ./src/components/sections/Projects.tsx
    ./src/app/page.tsx


./src/components/sections/Contact.tsx:5:1
Export Linkedin doesn't exist in target module
  [90m3 |[0m [36mimport[0m { motion } 
[36mfrom[0m [32m"framer-motion"[0m;
  [90m4 |[0m [36mimport[0m { useForm } 
[36mfrom[0m [32m"react-hook-form"[0m;
[31m[1m>[0m [90m5 |[0m [36mimport[0m { 
[33mSend[0m, [33mGithub[0m, [33mLinkedin[0m, 
[33mMessageCircle[0m, [33mMail[0m, [33mMapPin[0m 
} [36mfrom[0m [32m"lucide-react"[0m;
  [90m  |[0m [31m[1m^^^^^^^^^^^^^^^^^^^^^^^^^^^^^^^
^^^^^^^^^^^^^^^^^^^^^^^^^^^^^^^^^^^^^^^^^^^^^^^^^^^^[0
m
  [90m6 |[0m
  [90m7 |[0m [36mtype[0m [33mFormData[0m = {
  [90m8 |[0m   name: string;

The export Linkedin was not found in module [project]/n
ode_modules/lucide-react/dist/esm/lucide-react.mjs 
[app-client] (ecmascript).
Did you mean to import Link?
All exports of the module are statically known (It 
doesn't have dynamic exports). So it's known 
statically that the requested export doesn't exist.

Import trace:
  Server Component:
    ./src/components/sections/Contact.tsx
    ./src/app/page.tsx


./src/components/sections/Contact.tsx:5:1
Export Linkedin doesn't exist in target module
  [90m3 |[0m [36mimport[0m { motion } 
[36mfrom[0m [32m"framer-motion"[0m;
  [90m4 |[0m [36mimport[0m { useForm } 
[36mfrom[0m [32m"react-hook-form"[0m;
[31m[1m>[0m [90m5 |[0m [36mimport[0m { 
[33mSend[0m, [33mGithub[0m, [33mLinkedin[0m, 
[33mMessageCircle[0m, [33mMail[0m, [33mMapPin[0m 
} [36mfrom[0m [32m"lucide-react"[0m;
  [90m  |[0m [31m[1m^^^^^^^^^^^^^^^^^^^^^^^^^^^^^^^
^^^^^^^^^^^^^^^^^^^^^^^^^^^^^^^^^^^^^^^^^^^^^^^^^^^^[0
m
  [90m6 |[0m
  [90m7 |[0m [36mtype[0m [33mFormData[0m = {
  [90m8 |[0m   name: string;

The export Linkedin was not found in module [project]/n
ode_modules/lucide-react/dist/esm/lucide-react.mjs 
[app-ssr] (ecmascript).
Did you mean to import Link?
All exports of the module are statically known (It 
doesn't have dynamic exports). So it's known 
statically that the requested export doesn't exist.

Import trace:
  Server Component:
    ./src/components/sections/Contact.tsx
    ./src/app/page.tsx


    at <unknown> 
(./src/components/sections/Contact.tsx:5:1)
    at <unknown> 
(./src/components/sections/Contact.tsx:5:1)
    at <unknown> 
(./src/components/sections/Projects.tsx:4:1)
    at <unknown> 
(./src/components/sections/Projects.tsx:4:1)
    at <unknown> 
(./src/components/sections/Contact.tsx:5:1)
    at <unknown> 
(./src/components/sections/Contact.tsx:5:1)
